idle omni-bench-worker: prefer-not, 1 pod(s) marked first to go; it idles when its work is gone (no pod moved, no pod waits)
first to go, order 1: omni-bench-worker (cost -1000)
open workers: 5 (wanted 5)
idle omni-bench-worker3: prefer-not, 1 pod(s) marked first to go; it idles when its work is gone (no pod moved, no pod waits)
first to go, order 1: omni-bench-worker (cost -2000)
first to go, order 2: omni-bench-worker3 (cost -1000)
open workers: 4 (wanted 4)
idle omni-bench-worker4: prefer-not, 1 pod(s) marked first to go; it idles when its work is gone (no pod moved, no pod waits)
first to go, order 1: omni-bench-worker (cost -3000)
first to go, order 2: omni-bench-worker3 (cost -2000)
first to go, order 3: omni-bench-worker4 (cost -1000)
open workers: 3 (wanted 3)
idle omni-bench-worker6: prefer-not, 1 pod(s) marked first to go; it idles when its work is gone (no pod moved, no pod waits)
first to go, order 1: omni-bench-worker (cost -4000)
first to go, order 2: omni-bench-worker3 (cost -3000)
first to go, order 3: omni-bench-worker4 (cost -2000)
first to go, order 4: omni-bench-worker6 (cost -1000)
open workers: 2 (wanted 2)
idle omni-bench-worker2: prefer-not, 2 pod(s) marked first to go; it idles when its work is gone (no pod moved, no pod waits)
first to go, order 1: omni-bench-worker (cost -5000)
first to go, order 2: omni-bench-worker3 (cost -4000)
first to go, order 3: omni-bench-worker4 (cost -3000)
first to go, order 4: omni-bench-worker6 (cost -2000)
first to go, order 5: omni-bench-worker2 (cost -1000)
open workers: 1 (wanted 1)
